---
source: signstar-request-signature/src/ssh/client.rs
expression: error_msg
---
hosts: The known host entry Entry { marker: None, host_patterns: Patterns(["test1"]), public_key: PublicKey { key_data: Ed25519(Ed25519PublicKey([232, 124, 120, 58, 48, 110, 68, 185, 112, 15, 249, 208, 56, 72, 176, 229, 8, 229, 176, 223, 228, 172, 116, 177, 34, 89, 13, 8, 31, 161, 16, 29])), comment: Comment([]) } } is present in two different host:port combinations:
First: local - SignstarHost { host: "127.0.0.1", port: 22, known_hosts: [Entry { marker: None, host_patterns: Patterns(["test1"]), public_key: PublicKey { key_data: Ed25519(Ed25519PublicKey([232, 124, 120, 58, 48, 110, 68, 185, 112, 15, 249, 208, 56, 72, 176, 229, 8, 229, 176, 223, 228, 172, 116, 177, 34, 89, 13, 8, 31, 161, 16, 29])), comment: Comment([]) } }] }
Second: local2 - SignstarHost { host: "127.0.0.2", port: 22, known_hosts: [Entry { marker: None, host_patterns: Patterns(["test1"]), public_key: PublicKey { key_data: Ed25519(Ed25519PublicKey([232, 124, 120, 58, 48, 110, 68, 185, 112, 15, 249, 208, 56, 72, 176, 229, 8, 229, 176, 223, 228, 172, 116, 177, 34, 89, 13, 8, 31, 161, 16, 29])), comment: Comment([]) } }] }
