---
source: signstar-request-signature/src/ssh/client.rs
expression: error_msg
---
targets: The SSH agent socket location should not differ for different target host:port combinations of the same user:
First: ConnectOptions { known_hosts: [], agent_socket: "/tmp/a", user_public_key: PublicKey { key_data: Ed25519(Ed25519PublicKey([195, 197, 244, 109, 13, 64, 193, 8, 5, 100, 116, 52, 23, 59, 177, 80, 92, 218, 236, 100, 43, 6, 55, 73, 107, 243, 69, 100, 0, 180, 179, 233])), comment: Comment([]) }, user: "test-user", host: "test1", port: 1234 }
Second: ConnectOptions { known_hosts: [], agent_socket: "/tmp/b", user_public_key: PublicKey { key_data: Ed25519(Ed25519PublicKey([195, 197, 244, 109, 13, 64, 193, 8, 5, 100, 116, 52, 23, 59, 177, 80, 92, 218, 236, 100, 43, 6, 55, 73, 107, 243, 69, 100, 0, 180, 179, 233])), comment: Comment([]) }, user: "test-user", host: "test2", port: 1234 }
