---
source: signstar-config/tests/usermapping/mod.rs
description: "Matching created and loaded passphrases for backend users (CARGO_LLVM_COV=\"\" CARGO_LLVM_COV_SHOW_ENV=\"\" CARGO_LLVM_COV_TARGET_DIR=\"\" LLVM_PROFILE_FILE=\"/tmp/signstar-%p-%16m.profraw\" RUSTDOCFLAGS=\"\" RUSTFLAGS=\"\" \"/usr/sbin/runuser\" \"--user\" \"hermetic-metrics\" \"--whitelist-environment=CARGO_LLVM_COV,CARGO_LLVM_COV_TARGET_DIR,CARGO_LLVM_COV_SHOW_ENV,RUSTDOCFLAGS,RUSTFLAGS,LLVM_PROFILE_FILE\" \"--\" \"/usr/local/bin/examples/usermapping-non-admin-secrets\" \"--backend-mapping-kind\" \"yubihsm2-hermetic-audit-log\" \"--system-user\" \"hermetic-metrics\" \"load\" \"--secret-handling\" \"plaintext\")"
expression: load_output
---
backend user: 1
passphrase: PASSPHRASE
